#-----------------------------------------------------------
# Vivado v2023.1 (64-bit)
# SW Build 3865809 on Sun May  7 15:04:56 MDT 2023
# IP Build 3864474 on Sun May  7 20:36:21 MDT 2023
# SharedData Build 3865790 on Sun May 07 13:33:03 MDT 2023
# Start of session at: Mon Aug 14 00:26:37 2023
# Process ID: 37943
# Current directory: /home/gvaldez/microarquitecturas_softcore/trabajo_final_mys/sintesis/testing_coordic_alg/testing_coordic_alg.runs/cordic_test_coordic_axi_custom_0_0_synth_1
# Command line: vivado -log cordic_test_coordic_axi_custom_0_0.vds -product Vivado -mode batch -messageDb vivado.pb -notrace -source cordic_test_coordic_axi_custom_0_0.tcl
# Log file: /home/gvaldez/microarquitecturas_softcore/trabajo_final_mys/sintesis/testing_coordic_alg/testing_coordic_alg.runs/cordic_test_coordic_axi_custom_0_0_synth_1/cordic_test_coordic_axi_custom_0_0.vds
# Journal file: /home/gvaldez/microarquitecturas_softcore/trabajo_final_mys/sintesis/testing_coordic_alg/testing_coordic_alg.runs/cordic_test_coordic_axi_custom_0_0_synth_1/vivado.jou
# Running On: DESKTOP-DEBIAN, OS: Linux, CPU Frequency: 3699.904 MHz, CPU Physical cores: 4, Host memory: 7827 MB
#-----------------------------------------------------------
source cordic_test_coordic_axi_custom_0_0.tcl -notrace
